Testing bert_uncased_L-10_H-256_A-4 with hf_models/small_bert_uncased_L-10_H-256_A-4
OK
Testing bert_uncased_L-12_H-768_A-12 with hf_models/small_bert_uncased_L-12_H-768_A-12
6.4190683
Testing bert_uncased_L-6_H-768_A-12 with hf_models/small_bert_uncased_L-6_H-768_A-12
1.3597409
Testing bert_uncased_L-4_H-128_A-2 with hf_models/small_bert_uncased_L-4_H-128_A-2
OK
Testing bert_uncased_L-4_H-512_A-8 with hf_models/small_bert_uncased_L-4_H-512_A-8
OK
Testing bert_uncased_L-6_H-256_A-4 with hf_models/small_bert_uncased_L-6_H-256_A-4
OK
Testing bert_uncased_L-4_H-768_A-12 with hf_models/small_bert_uncased_L-4_H-768_A-12
2.3567164
Testing bert_uncased_L-8_H-768_A-12 with hf_models/small_bert_uncased_L-8_H-768_A-12
6.3468184
Testing bert_uncased_L-12_H-256_A-4 with hf_models/small_bert_uncased_L-12_H-256_A-4
OK
Testing bert_uncased_L-12_H-128_A-2 with hf_models/small_bert_uncased_L-12_H-128_A-2
OK
Testing bert_uncased_L-2_H-256_A-4 with hf_models/small_bert_uncased_L-2_H-256_A-4
OK
Testing bert_uncased_L-6_H-512_A-8 with hf_models/small_bert_uncased_L-6_H-512_A-8
OK
Testing bert_uncased_L-2_H-128_A-2 with hf_models/small_bert_uncased_L-2_H-128_A-2
OK
Testing bert_uncased_L-12_H-512_A-8 with hf_models/small_bert_uncased_L-12_H-512_A-8
OK
Testing bert_uncased_L-10_H-768_A-12 with hf_models/small_bert_uncased_L-10_H-768_A-12
9.501051
Testing bert_uncased_L-8_H-256_A-4 with hf_models/small_bert_uncased_L-8_H-256_A-4
OK
Testing bert_uncased_L-10_H-128_A-2 with hf_models/small_bert_uncased_L-10_H-128_A-2
OK
Testing bert_uncased_L-2_H-512_A-8 with hf_models/small_bert_uncased_L-2_H-512_A-8
OK
Testing bert_uncased_L-6_H-128_A-2 with hf_models/small_bert_uncased_L-6_H-128_A-2
OK
Testing bert_uncased_L-2_H-768_A-12 with hf_models/small_bert_uncased_L-2_H-768_A-12
2.624524
Testing bert_uncased_L-8_H-512_A-8 with hf_models/small_bert_uncased_L-8_H-512_A-8
OK
Testing bert_uncased_L-10_H-512_A-8 with hf_models/small_bert_uncased_L-10_H-512_A-8
OK
Testing bert_uncased_L-8_H-128_A-2 with hf_models/small_bert_uncased_L-8_H-128_A-2
OK
Testing bert_uncased_L-4_H-256_A-4 with hf_models/small_bert_uncased_L-4_H-256_A-4
OK
